                                                        D/NFC-HCI ( 1616): 
                                                        D/NFC-HCI ( 1616): 
                                                        D/NFC-HCI ( 1616): LLC : READ RESP CB CALLED
                                                        D/NFC-HCI ( 1616): 
                                                        D/NFC-HCI ( 1616): Buffer received : 
                                                        D/NFC-HCI ( 1616): 05 
                                                        D/NFC-HCI ( 1616): Block size is: 1
                                                        D/NFC-HCI ( 1616): 
                                                        D/NFC-HCI ( 1616): Llc Dal Interface Read called
                                                        D/NFC-HCI ( 1616): *****DAl Read called  length : 5
                                                        D/NFC-HCI ( 1616): *****DAl Read called  result : d
                                                        D/NFC-HCI ( 1616): Llc Dal Interface Read result : 0xd
                                                        D/NFC-HCI ( 1616): 
                                                        D/NFC-HCI ( 1616): 
                                                        D/NFC-HCI ( 1616): LLC : READ RESP CB END
                                                        D/NFC-HCI ( 1616): 
                                                        D/NFC-HCI ( 1616): RX Thread Sem UnLock
                                                        D/NFC-HCI ( 1616): 
                                                        D/NFC-HCI ( 1616): *New *** *****Request Length = 5
                                                        D/NFC-HCI ( 1616): Reading 5 bytes
                                                        D/NFC-HCI ( 1616): Read succeed (5 bytes)
                                                        D/NFC-HCI ( 1616): Read ok. nbToRead=5
                                                        D/NFC-HCI ( 1616): NbReallyRead=5
                                                        D/NFC-HCI ( 1616): ReadBuff[]={ 
                                                            D/NFC-HCI ( 1616): 0x84 
                                                            D/NFC-HCI ( 1616): 0x84 
                                                            D/NFC-HCI ( 1616): 0x80 
                                                            D/NFC-HCI ( 1616): 0xa0 
                                                            D/NFC-HCI ( 1616): 0x92 
                                                            D/NFC-HCI ( 1616): }
                                                            D/NFC-HCI ( 1616): RX Thread Sem Lock
                                                            D/NFC-HCI ( 1616): phDal4Nfc_DeferredCb ENTER
                                                            D/NFC-HCI ( 1616):  Dal deferred read called 
                                                            D/NFC-HCI ( 1616): 
                                                            D/NFC-HCI ( 1616): 
                                                            D/NFC-HCI ( 1616): LLC : READ RESP CB CALLED
                                                            D/NFC-HCI ( 1616): 
                                                            D/NFC-HCI ( 1616): Buffer received : 
                                                            D/NFC-HCI ( 1616): 84 84 80 A0 92 
                                                            D/NFC-HCI ( 1616): Block size is: 5
                                                            D/NFC-HCI ( 1616): 
                                                            D/NFC-HCI ( 1616): WIN SIZE : 0x01
                                                            D/NFC-HCI ( 1616): I frame received 
                                                            D/NFC-HCI ( 1616): NS START POS BEFORE DEL : 0x03
                                                            D/NFC-HCI ( 1616): WIN SIZE BEFORE DEL : 0x01
                                                            D/NFC-HCI ( 1616): NS START POS AFTER DEL : 0x04
                                                            D/NFC-HCI ( 1616): WIN SIZE AFTER DEL : 0x00
                                                            D/NFC-HCI ( 1616): 
                                                            D/NFC-HCI ( 1616): 
                                                            D/NFC-HCI ( 1616): LLC : STOP TIMER CALLED
                                                            D/NFC-HCI ( 1616): 
                                                            D/NFC-HCI ( 1616): GUARD TIMER COUNT BEFORE DELETE: 0x01
                                                            D/NFC-HCI ( 1616): GUARD TIMER TO DELETE: 0x01
                                                            D/NFC-HCI ( 1616): GUARD TIMER NS INDEX DELETED ELSE : 0x03
                                                            D/NFC-HCI ( 1616): GUARD TIMER COUNT AFTER DELETE: 0x00
                                                            D/NFC-HCI ( 1616): OSAL STOP TIMER CALLED TIMER ID : 0x01
                                                            D/NFC-HCI ( 1616): 
                                                            D/NFC-HCI ( 1616): 
                                                            D/NFC-HCI ( 1616): LLC : STOP TIMER END
                                                            D/NFC-HCI ( 1616): 
                                                            D/NFC-HCI ( 1616):  Type bits of S frame to be sent is RR 
                                                            D/NFC-HCI ( 1616): Llc Dal Interface Read called
                                                            D/NFC-HCI ( 1616): *****DAl Read called  length : 1
                                                            D/NFC-HCI ( 1616): *****DAl Read called  result : d
                                                            D/NFC-HCI ( 1616): Llc Dal Interface Read result : 0xd
                                                            D/NFC-HCI ( 1616): Llc Dal Interface Write called
                                                            D/NFC-HCI ( 1616): Buffer to be send to Dal : 
                                                            D/NFC-HCI ( 1616): 03 C1 AA F2 
                                                            D/NFC-HCI ( 1616): Block size is: 4
                                                            D/NFC-HCI ( 1616): 
                                                            D/NFC-HCI ( 1616): phDal4Nfc_Write() : Temporary buffer !! 
                                                            D/NFC-HCI ( 1616): phDal4Nfc_Write(): 4
                                                            D/NFC-HCI ( 1616): Llc Dal Interface Write result : 0xd
                                                            D/NFC-HCI ( 1616): 
                                                            D/NFC-HCI ( 1616): 
                                                            D/NFC-HCI ( 1616): LLC : READ RESP CB END
                                                            D/NFC-HCI ( 1616): 
                                                            D/NFC-HCI ( 1616): phDal4Nfc_DeferredCb ENTER
                                                            D/NFC-HCI ( 1616):  Dal deferred write called 
                                                            D/NFC-HCI ( 1616): RX Thread Sem UnLock
                                                            D/NFC-HCI ( 1616): 
                                                            D/NFC-HCI ( 1616): *New *** *****Request Length = 1
                                                            D/NFC-HCI ( 1616): Reading 1 bytes
                                                            D/NFC-HCI ( 1616): Writing 4 bytes
                                                            D/NFC-HCI ( 1616): Write succeed (4 bytes)
                                                            D/NFC-HCI ( 1616):  Physical Write Success 
                                                            D/NFC-HCI ( 1616): WriteBuff[]={ 
                                                                D/NFC-HCI ( 1616): 0x3 
                                                                D/NFC-HCI ( 1616): 0xc1 
                                                                D/NFC-HCI ( 1616): 0xaa 
                                                                D/NFC-HCI ( 1616): 0xf2 
                                                                D/NFC-HCI ( 1616): }
                                                                D/NFC-HCI ( 1616): 
                                                                D/NFC-HCI ( 1616): 
                                                                D/NFC-HCI ( 1616): LLC : WRITE RESP CB CALLED
                                                                D/NFC-HCI ( 1616): 
                                                                D/NFC-HCI ( 1616): RECEIVE length : 0x06
                                                                D/NFC-HCI ( 1616): SENT frame type : 0x05
                                                                D/NFC-HCI ( 1616): WRITE PENDING : 0x00
                                                                D/NFC-HCI ( 1616): WRITE PENDING status : 0x000D
                                                                D/NFC-HCI ( 1616): WRITE wait frame type : 0x00
                                                                D/NFC-HCI ( 1616): NS START POS : 0x04
                                                                D/NFC-HCI ( 1616): WIN SIZE : 0x00
                                                                D/NFC-HCI ( 1616): Window size : 0x00
                                                                D/NFC-HCI ( 1616): frame to send : 0x00
                                                                D/NFC-HCI ( 1616): Llc Dal Interface Read called
                                                                D/NFC-HCI ( 1616): S frame info read pending
                                                                D/NFC-HCI ( 1616): Llc Dal Interface Read result : 0xd
                                                                D/NFC-HCI ( 1616): HCI Receive Completion....
                                                                D/NFC-HCI ( 1616): HCI Lower Layer Receive Completion, Status = 00
                                                                D/NFC-HCI ( 1616): 
                                                                D/NFC-HCI ( 1616):   Receive Buffer:
                                                                D/NFC-HCI ( 1616): 84 80 
                                                                D/NFC-HCI ( 1616): Block size is: 2
                                                                D/NFC-HCI ( 1616): 
                                                                D/NFC-HCI ( 1616):  HCI : Timer 2 Stopped 
                                                                D/NFC-HCI ( 1616): Polling loop Set Param complete
                                                                D/NFC-HCI ( 1616): HCI: Response Pending status --> FALSE, phHciNfc_Process_Response 
                                                                D/NFC-HCI ( 1616): HCI: In Function: phHciNfc_Resume_Sequence 
                                                                D/NFC-HCI ( 1616):  HCI: Current HCI State --> 01 
                                                                D/NFC-HCI ( 1616):  HCI: Next HCI State --> 03 
                                                                D/NFC-HCI ( 1616): HCI: psHciContext->target_release --> FALSE 
                                                                D/NFC-HCI ( 1616): HCI: In Function: phHciNfc_FSM_Rollback 
                                                                D/NFC-HCI ( 1616):  HCI: Transition Before FSM Rollback --> 01 
                                                                D/NFC-HCI ( 1616):  HCI: Current State Before FSM Rollback --> 01 
                                                                D/NFC-HCI ( 1616):  HCI: Next State Before FSM Rollback  --> 03 
                                                                D/NFC-HCI ( 1616): HCI Discovery Configuration Completed 
                                                                D/NFC-HCI ( 1616): 
                                                                D/NFC-HCI ( 1616): 
                                                                D/NFC-HCI ( 1616): LLC : WRITE RESP CB END
                                                                D/NFC-HCI ( 1616): 
                                                                D/PhoneApp( 1612): setIgnoreTouchUserActivity(false)...
                                                                I/power   ( 1521): *** set_screen_state 1
                                                                I/GrallocFB( 1521): uevent detected in fb_thread:142
                                                                D/KeyguardViewMediator( 1521): wakeWhenReadyLocked(26)
                                                                I/GrallocFB( 1521): uevent detected in fb_thread:142
                                                                I/GrallocFB( 1521): uevent detected in fb_thread:142
                                                                D/InCallScreen( 1612): onResume()...
                                                                D/PhoneApp( 1612): disable status bar
                                                                D/PhoneApp( 1612): StatusBarManager.DISABLE_EXPAND
                                                                D/PhoneApp( 1612): setIgnoreTouchUserActivity(true)...
                                                                D/NotificationMgr( 1612): updating status bar state: 5
                                                                I/GrallocFB( 1521): uevent detected in fb_thread:142
                                                                D/DTMFTwelveKeyDialer( 1612): startDialerSession()... this = com.android.phone.DTMFTwelveKeyDialer@b3d6eaa0
                                                                D/DTMFTwelveKeyDialer( 1612): - startDialerSession: mDTMFToneEnabled = true
                                                                I/GrallocFB( 1521): uevent detected in fb_thread:142
                                                                D/InCallScreen( 1612): - onResume: initial status = SUCCESS
                                                                D/InCallScreen( 1612): isBluetoothAudioConnected: ==> isAudioOn = false
                                                                D/InCallScreen( 1612): setInCallScreenMode: NORMAL
                                                                D/InCallScreen( 1612): [okToDialDTMFTones] foreground state: DIALING, ringing state: false, call screen mode: NORMAL, result: false
                                                                D/InCallScreen( 1612): isBluetoothAudioConnected: ==> isAudioOn = false
                                                                D/InCallTouchUi( 1612): - updateState: CallManager state is OFFHOOK
                                                                D/InCallScreen( 1612): getUpdatedInCallControlState()...
                                                                D/InCallScreen( 1612): isBluetoothAvailable()...
                                                                D/InCallScreen( 1612):   - headset state = 0
                                                                D/InCallScreen( 1612):   - headset address: null
                                                                D/InCallScreen( 1612):   ==> false
                                                                D/InCallScreen( 1612): [okToDialDTMFTones] foreground state: DIALING, ringing state: false, call screen mode: NORMAL, result: false
                                                                D/InCallControlState( 1612): InCallControlState:
                                                                D/InCallControlState( 1612):   manageConferenceVisible: false
                                                                D/InCallControlState( 1612):   manageConferenceEnabled: false
                                                                D/InCallControlState( 1612):   canAddCall: false
                                                                D/InCallControlState( 1612):   canSwap: false
                                                                D/InCallControlState( 1612):   canMerge: false
                                                                D/InCallControlState( 1612):   bluetoothEnabled: false
                                                                D/InCallControlState( 1612):   bluetoothIndicatorOn: false
                                                                D/InCallControlState( 1612):   speakerEnabled: true
                                                                D/InCallControlState( 1612):   speakerOn: false
                                                                D/InCallControlState( 1612):   canMute: false
                                                                D/InCallControlState( 1612):   muteIndicatorOn: false
                                                                D/InCallControlState( 1612):   dialpadEnabled: false
                                                                D/InCallControlState( 1612):   dialpadVisible: false
                                                                D/InCallControlState( 1612):   onHold: false
                                                                D/InCallControlState( 1612):   canHold: false
                                                                D/InCallScreen( 1612): syncWithPhoneState()...
                                                                D/PhoneUtils( 1612): dumpCallState():
                                                                D/PhoneUtils( 1612): - Call state = OFFHOOK
                                                                D/PhoneUtils( 1612):   - FG call: DIALING GSM isAlive true isRinging false isDialing true isIdle false hasConnections true
                                                                D/PhoneUtils( 1612):   - BG call: IDLE GSM isAlive false isRinging false isDialing false isIdle true hasConnections false
                                                                D/PhoneUtils( 1612):   - RINGING call: IDLE GSM isAlive false isRinging false isDialing false isIdle true hasConnections false
                                                                D/PhoneUtils( 1612):   - hasRingingCall false hasActiveCall true hasHoldingCall false allLinesTaken false
                                                                D/PhoneUtils( 1612):   - Ringer state: false
                                                                D/InCallScreen( 1612): ============== dumpBluetoothState() =============
                                                                D/InCallScreen( 1612): isBluetoothAvailable()...
                                                                D/NFC-HCI ( 1616): HCI Poll Configuration .... 
                                                                D/NFC-HCI ( 1616):  HCI: Current State --> 01 
                                                                D/NFC-HCI ( 1616):  HCI: Transition Before FSM Update --> 00 
                                                                I/GrallocFB( 1521): uevent detected in fb_thread:142
                                                                D/InCallScreen( 1612):   - headset state = 0
                                                                D/InCallScreen( 1612):   - headset address: null
                                                                D/InCallScreen( 1612):   ==> false
                                                                D/InCallScreen( 1612): = isBluetoothAvailable: false
                                                                D/InCallScreen( 1612): isBluetoothAudioConnected: ==> isAudioOn = false
                                                                D/InCallScreen( 1612): = isBluetoothAudioConnected: false
                                                                D/InCallScreen( 1612): isBluetoothAudioConnected: ==> isAudioOn = false
                                                                D/InCallScreen( 1612): isBluetoothAudioConnectedOrPending: ==> FALSE
                                                                D/InCallScreen( 1612): = isBluetoothAudioConnectedOrPending: false
                                                                D/InCallScreen( 1612): = PhoneApp.showBluetoothIndication: false
                                                                D/InCallScreen( 1612): =
                                                                D/InCallScreen( 1612): = BluetoothHandsfree.isAudioOn: false
                                                                D/InCallScreen( 1612): = BluetoothHeadset.getCurrentHeadset: null
                                                                D/InCallScreen( 1612): syncWithPhoneState: it's ok to be here; update the screen...
                                                                D/InCallScreen( 1612): updateScreen()...
                                                                D/InCallScreen( 1612): - updateScreen: updating the in-call UI...
                                                                D/CallCard( 1612): updateState(########### Dump CallManager ############
                                                                D/CallCard( 1612): CallManager state = OFFHOOK
                                                                D/CallCard( 1612):    - Foreground: DIALING from Handler{b3ca0ff8}
                                                                D/CallCard( 1612):      Conn: [ incoming: false state: DIALING post dial state: NOT_STARTED]
                                                                D/CallCard( 1612):    - Background: IDLE from Handler{b3ca0ff8}
                                                                D/CallCard( 1612):      Conn: []
                                                                D/CallCard( 1612):    - Ringing: IDLE from Handler{b3ca0ff8}
                                                                D/CallCard( 1612):  Phone: Handler{b3ca0ff8}, name = GSM, state = OFFHOOK
                                                                D/CallCard( 1612):    - Foreground: DIALING Background: IDLE Ringing: IDLE
                                                                D/CallCard( 1612): ########## End Dump CallManager ##########)...
                                                                D/CallCard( 1612): updateForegroundCall()...
                                                                D/CallCard( 1612): displayMainCallStatus(call DIALING)...
                                                                D/NFC-HCI ( 1616):  HCI: Next State Before FSM Update --> 14 
                                                                D/NFC-HCI ( 1616):  HCI: Next State After FSM Update --> 03 
                                                                I/GrallocFB( 1521): uevent detected in fb_thread:142
                                                                D/NFC-HCI ( 1616): HCI: In Function: phHciNfc_Send 
                                                                D/CallCard( 1612):   - call.state: DIALING
                                                                D/CallCard( 1612): updateCardTitleWidgets(call DIALING)...
                                                                D/CallCard( 1612): - getTitleForCallCard(Call DIALING)...
                                                                D/CallCard( 1612):   ==> result: Dialing
                                                                D/CallCard( 1612): updateCardTitleWidgets: Dialing
                                                                D/CallCard( 1612):   - CONN:  incoming: false state: DIALING post dial state: NOT_STARTED, state = DIALING
                                                                D/CallCard( 1612): - displayMainCallStatus: using data we already have...
                                                                D/CallCard( 1612): - displayMainCallStatus: CNAP data from Connection: CNAP name=null, Number/Name Presentation=1
                                                                D/CallCard( 1612):    ==> Got CallerInfo; updating display: ci = CallerInfo { name null, phoneNumber non-null }
                                                                D/CallCard( 1612): updateDisplayForPerson(CallerInfo { name null, phoneNumber non-null })
                                                                D/CallCard( 1612): presentation:1 isTemporary:false
                                                                D/CallCard( 1612): - got personUri: 'content://com.android.contacts/contacts/0', based on info.person_id: 0
                                                                D/CallCard( 1612): updatePhotoForCallState(DIALING)...
                                                                D/CallCard( 1612): displayOnHoldCallStatus(call =IDLE)...
                                                                D/PhoneApp( 1612): - isOtaCallInActiveState false
                                                                D/InCallScreen( 1612): [okToDialDTMFTones] foreground state: DIALING, ringing state: false, call screen mode: NORMAL, result: false
                                                                D/InCallScreen( 1612): isBluetoothAudioConnected: ==> isAudioOn = false
                                                                D/InCallTouchUi( 1612): - updateState: CallManager state is OFFHOOK
                                                                D/InCallScreen( 1612): getUpdatedInCallControlState()...
                                                                D/InCallScreen( 1612): isBluetoothAvailable()...
                                                                D/NFC-HCI ( 1616): HCI: Response Pending status --> TRUE 
                                                                D/NFC-HCI ( 1616): 
                                                                D/NFC-HCI ( 1616):   Send Buffer:
                                                                D/NFC-HCI ( 1616): 84 01 07 18 6A 
                                                                D/NFC-HCI ( 1616): Block size is: 5
                                                                D/NFC-HCI ( 1616): 
                                                                D/NFC-HCI ( 1616):  HCI : Timer 2 Started 
                                                                D/NFC-HCI ( 1616): Llc Send called
                                                                D/NFC-HCI ( 1616): Buffer length : 0x0005
                                                                D/NFC-HCI ( 1616): 84 01 07 18 6A 
                                                                D/NFC-HCI ( 1616): Block size is: 5
                                                                D/NFC-HCI ( 1616): 
                                                                D/NFC-HCI ( 1616): Llc Dal Interface Write called
                                                                D/NFC-HCI ( 1616): Buffer to be send to Dal : 
                                                                D/NFC-HCI ( 1616): 08 A1 84 01 07 18 6A 83 76 
                                                                D/NFC-HCI ( 1616): Block size is: 9
                                                                D/NFC-HCI ( 1616): 
                                                                D/NFC-HCI ( 1616): phDal4Nfc_Write() : Temporary buffer !! 
                                                                D/NFC-HCI ( 1616): phDal4Nfc_Write(): 9
                                                                I/GrallocFB( 1521): uevent detected in fb_thread:142
                                                                D/InCallScreen( 1612):   - headset state = 0
                                                                D/InCallScreen( 1612):   - headset address: null
                                                                D/InCallScreen( 1612):   ==> false
                                                                D/NFC-HCI ( 1616): Llc Dal Interface Write result : 0xd
                                                                D/InCallScreen( 1612): [okToDialDTMFTones] foreground state: DIALING, ringing state: false, call screen mode: NORMAL, result: false
                                                                D/InCallControlState( 1612): InCallControlState:
                                                                D/InCallControlState( 1612):   manageConferenceVisible: false
                                                                D/InCallControlState( 1612):   manageConferenceEnabled: false
                                                                D/InCallControlState( 1612):   canAddCall: false
                                                                D/InCallControlState( 1612):   canSwap: false
                                                                D/InCallControlState( 1612):   canMerge: false
                                                                D/InCallControlState( 1612):   bluetoothEnabled: false
                                                                D/InCallControlState( 1612):   bluetoothIndicatorOn: false
                                                                D/InCallControlState( 1612):   speakerEnabled: true
                                                                D/InCallControlState( 1612):   speakerOn: false
                                                                D/InCallControlState( 1612):   canMute: false
                                                                D/InCallControlState( 1612):   muteIndicatorOn: false
                                                                D/InCallControlState( 1612):   dialpadEnabled: false
                                                                D/InCallControlState( 1612):   dialpadVisible: false
                                                                D/InCallControlState( 1612):   onHold: false
                                                                D/InCallControlState( 1612):   canHold: false
                                                                D/InCallScreen( 1612): updateProviderOverlay: false
                                                                D/InCallScreen( 1612): updateMenuButtonHint()...
                                                                D/PhoneApp( 1612): - preventScreenOn(false)...
                                                                D/NFC-HCI ( 1616): 
                                                                D/NFC-HCI ( 1616): 
                                                                D/NFC-HCI ( 1616): LLC : START TIMER CALLED
                                                                D/NFC-HCI ( 1616): 
                                                                I/power   ( 1521): *** set_screen_state 1
                                                                D/NFC-HCI ( 1616): RESOLUTION VALUE : 0x1F4
                                                                D/PhoneApp( 1612): updateWakeState: callscreen true, dialer false, speaker false...
                                                                D/PhoneApp( 1612): setScreenTimeout(MEDIUM)...
                                                                D/NFC-HCI ( 1616): TIME-OUT VALUE : 0x3E8
                                                                D/NFC-HCI ( 1616): GUARD TIMER NS INDEX : 0x04
                                                                D/PhoneApp( 1612): updateWakeState: keepScreenOn = true (isRinging false, isDialing true, showingDisc false)
                                                                D/NFC-HCI ( 1616): GUARD TIMER COUNT : 0x00
                                                                D/NFC-HCI ( 1616): GUARD TIMER STARTED : 0x00
                                                                D/PhoneApp( 1612): requestWakeState(FULL)...
                                                                D/NFC-HCI ( 1616): GUARD TIMER VALUE : 0x03E8
                                                                D/NFC-HCI ( 1616): OSAL START TIMER CALLED TIMER ID : 0x01
                                                                D/InCallScreen( 1612): enableTouchLock(false)...
                                                                D/InCallScreen( 1612): onResume() done.
                                                                D/BT HS/HF( 1612): updatePhoneState()
                                                                D/CallNotifier( 1612): onPhoneStateChanged: state = OFFHOOK
                                                                D/PhoneApp( 1612): updateProximitySensorMode: state = OFFHOOK
                                                                D/PhoneApp( 1612): updateProximitySensorMode: lock already held.
                                                                D/AccelerometerListener( 1612): enable(true)
                                                                D/CallNotifier( 1612): onPhoneStateChanged: OFF HOOK
                                                                D/PhoneUtils( 1612): setAudioMode()...OFFHOOK
                                                                D/PhoneUtils( 1612): setAudioMode() no change: MODE_IN_CALL
                                                                D/CallNotifier( 1612): stopRing()... (OFFHOOK state)
                                                                D/Ringer  ( 1612): stopRing()...
                                                                D/Ringer  ( 1612): - stopRing: null mRingHandler!
                                                                D/CallNotifier( 1612): - updating notification for phone state change...
                                                                D/NotificationMgr( 1612): updateInCallNotification()...
                                                                D/NotificationMgr( 1612):   - hasRingingCall = false
                                                                D/NotificationMgr( 1612):   - hasActiveCall = true
                                                                D/NotificationMgr( 1612):   - hasHoldingCall = false
                                                                D/NotificationMgr( 1612): updateInCallNotification: enhancedVoicePrivacy = false
                                                                D/NotificationMgr( 1612): - Updating status bar icon: resId = 2130837684
                                                                D/NotificationMgr( 1612): - Updating expanded view: line 1 'xxxxxxx'
                                                                D/PhoneUtils( 1612): startGetCallerInfo: query already done, returning CallerInfo
                                                                D/PhoneUtils( 1612): getCompactNameFromCallerInfo: info = CallerInfo { name null, phoneNumber non-null }
                                                                D/PhoneUtils( 1612): modifyForSpecialCnapCases: initially, number=Emergency number, presentation=1 ci CallerInfo { name null, phoneNumber non-null }
                                                                D/PhoneUtils( 1612): checkCnapSpecialCases, normal str. number: Emergency number
                                                                D/PhoneUtils( 1612): modifyForSpecialCnapCases: returning number string=Emergency number
                                                                D/PhoneUtils( 1612): getCompactNameFromCallerInfo: compactName=Emergency number
                                                                D/NotificationMgr( 1612): - Updating expanded view: line 2 'xxxxxxx'
                                                                D/NotificationMgr( 1612): Notifying IN_CALL_NOTIFICATION: Notification(vibrate=null,sound=null,defaults=0x0,flags=0x2)
                                                                D/NotificationMgr( 1612): updateSpeakerNotification: speaker OFF (or not offhook)
                                                                D/NotificationMgr( 1612): updateMuteNotification: not muted (or not offhook)
                                                                D/PhoneUtils( 1612): ConnectionHandler: updating mute state for each connection
                                                                D/PhoneUtils( 1612): setMuteInternal: false
                                                                D/NotificationMgr( 1612): updateMuteNotification: not muted (or not offhook)
                                                                D/InCallScreen( 1612): onPhoneStateChanged()...
                                                                D/InCallScreen( 1612): updateScreen()...
                                                                D/InCallScreen( 1612): - updateScreen: updating the in-call UI...
                                                                D/CallCard( 1612): updateState(########### Dump CallManager ############
                                                                D/CallCard( 1612): CallManager state = OFFHOOK
                                                                D/CallCard( 1612):    - Foreground: DIALING from Handler{b3ca0ff8}
                                                                D/CallCard( 1612):      Conn: [ incoming: false state: DIALING post dial state: NOT_STARTED]
                                                                D/CallCard( 1612):    - Background: IDLE from Handler{b3ca0ff8}
                                                                D/CallCard( 1612):      Conn: []
                                                                D/CallCard( 1612):    - Ringing: IDLE from Handler{b3ca0ff8}
                                                                D/CallCard( 1612):  Phone: Handler{b3ca0ff8}, name = GSM, state = OFFHOOK
                                                                D/CallCard( 1612):    - Foreground: DIALING Background: IDLE Ringing: IDLE
                                                                D/CallCard( 1612): ########## End Dump CallManager ##########)...
                                                                D/CallCard( 1612): updateForegroundCall()...
                                                                D/CallCard( 1612): displayMainCallStatus(call DIALING)...
                                                                D/CallCard( 1612):   - call.state: DIALING
                                                                D/CallCard( 1612): updateCardTitleWidgets(call DIALING)...
                                                                D/CallCard( 1612): - getTitleForCallCard(Call DIALING)...
                                                                D/CallCard( 1612):   ==> result: Dialing
                                                                D/CallCard( 1612): updateCardTitleWidgets: Dialing
                                                                D/CallCard( 1612):   - CONN:  incoming: false state: DIALING post dial state: NOT_STARTED, state = DIALING
                                                                D/CallCard( 1612): - displayMainCallStatus: using data we already have...
                                                                D/CallCard( 1612): - displayMainCallStatus: CNAP data from Connection: CNAP name=null, Number/Name Presentation=1
                                                                D/CallCard( 1612):    ==> Got CallerInfo; updating display: ci = CallerInfo { name null, phoneNumber non-null }
                                                                D/CallCard( 1612): updateDisplayForPerson(CallerInfo { name null, phoneNumber non-null })
                                                                D/CallCard( 1612): presentation:1 isTemporary:false
                                                                D/CallCard( 1612): - got personUri: 'content://com.android.contacts/contacts/0', based on info.person_id: 0
                                                                D/CallCard( 1612): updatePhotoForCallState(DIALING)...
                                                                D/CallCard( 1612): displayOnHoldCallStatus(call =IDLE)...
                                                                D/PhoneApp( 1612): - isOtaCallInActiveState false
                                                                D/InCallScreen( 1612): [okToDialDTMFTones] foreground state: DIALING, ringing state: false, call screen mode: NORMAL, result: false
                                                                D/InCallScreen( 1612): isBluetoothAudioConnected: ==> isAudioOn = false
                                                                D/InCallTouchUi( 1612): - updateState: CallManager state is OFFHOOK
                                                                D/InCallScreen( 1612): getUpdatedInCallControlState()...
                                                                D/InCallScreen( 1612): isBluetoothAvailable()...
                                                                D/InCallScreen( 1612):   - headset state = 0
                                                                D/InCallScreen( 1612):   - headset address: null
                                                                D/InCallScreen( 1612):   ==> false
                                                                D/InCallScreen( 1612): [okToDialDTMFTones] foreground state: DIALING, ringing state: false, call screen mode: NORMAL, result: false
                                                                D/InCallControlState( 1612): InCallControlState:
                                                                D/InCallControlState( 1612):   manageConferenceVisible: false
                                                                D/InCallControlState( 1612):   manageConferenceEnabled: false
                                                                D/InCallControlState( 1612):   canAddCall: false
                                                                D/InCallControlState( 1612):   canSwap: false
                                                                D/InCallControlState( 1612):   canMerge: false
                                                                D/InCallControlState( 1612):   bluetoothEnabled: false
                                                                D/InCallControlState( 1612):   bluetoothIndicatorOn: false
                                                                D/InCallControlState( 1612):   speakerEnabled: true
                                                                D/InCallControlState( 1612):   speakerOn: false
                                                                D/InCallControlState( 1612):   canMute: false
                                                                D/InCallControlState( 1612):   muteIndicatorOn: false
                                                                D/InCallControlState( 1612):   dialpadEnabled: false
                                                                D/InCallControlState( 1612):   dialpadVisible: false
                                                                D/InCallControlState( 1612):   onHold: false
                                                                D/InCallControlState( 1612):   canHold: false
                                                                D/InCallScreen( 1612): updateProviderOverlay: false
                                                                D/InCallScreen( 1612): updateMenuButtonHint()...
                                                                D/PhoneApp( 1612): updateWakeState: callscreen true, dialer false, speaker false...
                                                                D/PhoneApp( 1612): setScreenTimeout(MEDIUM)...
                                                                D/PhoneApp( 1612): updateWakeState: keepScreenOn = true (isRinging false, isDialing true, showingDisc false)
                                                                D/PhoneApp( 1612): requestWakeState(FULL)...
                                                                D/NFC-HCI ( 1616): 
                                                                D/NFC-HCI ( 1616): 
                                                                D/NFC-HCI ( 1616): LLC : START TIMER END
                                                                D/NFC-HCI ( 1616): 
                                                                D/NFC-HCI ( 1616): Llc Send result : 0x000D
                                                                D/NFC-HCI ( 1616): phDal4Nfc_DeferredCb ENTER
                                                                D/NFC-HCI ( 1616):  Dal deferred write called 
                                                                I/GrallocFB( 1521): uevent detected in fb_thread:142
                                                                D/NFC-HCI ( 1616): Writing 9 bytes
                                                                I/GrallocFB( 1521): uevent detected in fb_thread:142
                                                                D/NFC-HCI ( 1616): Write failed: write() returned -1 
                                                                I/GrallocFB( 1521): uevent detected in fb_thread:142
                                                                D/AccelerometerListener( 1612): orientation: vertical
                                                                D/PhoneApp( 1612): updateProximitySensorMode: state = OFFHOOK
                                                                D/PhoneApp( 1612): updateProximitySensorMode: lock already held.
                                                                D/NFC-HCI ( 1616): Writing 9 bytes
                                                                D/NFC-HCI ( 1616): Write succeed (9 bytes)
                                                                D/NFC-HCI ( 1616):  Physical Write Success 
                                                                D/NFC-HCI ( 1616): WriteBuff[]={ 
                                                                    D/NFC-HCI ( 1616): 0x8 
                                                                    D/NFC-HCI ( 1616): 0xa1 
                                                                    D/NFC-HCI ( 1616): 0x84 
                                                                    D/NFC-HCI ( 1616): 0x1 
                                                                    D/NFC-HCI ( 1616): 0x7 
                                                                    D/NFC-HCI ( 1616): 0x18 
                                                                    D/NFC-HCI ( 1616): 0x6a 
                                                                    D/NFC-HCI ( 1616): 0x83 
                                                                    D/NFC-HCI ( 1616): 0x76 
                                                                    D/NFC-HCI ( 1616): }
                                                                    D/NFC-HCI ( 1616): 
                                                                    D/NFC-HCI ( 1616): 
                                                                    D/NFC-HCI ( 1616): LLC : WRITE RESP CB CALLED
                                                                    D/NFC-HCI ( 1616): 
                                                                    D/NFC-HCI ( 1616): RECEIVE length : 0x06
                                                                    D/NFC-HCI ( 1616): SENT frame type : 0x06
                                                                    D/NFC-HCI ( 1616): WRITE PENDING : 0x00
                                                                    D/NFC-HCI ( 1616): WRITE PENDING status : 0x000D
                                                                    D/NFC-HCI ( 1616): WRITE wait frame type : 0x00
                                                                    D/NFC-HCI ( 1616): NS START POS : 0x04
                                                                    D/NFC-HCI ( 1616): WIN SIZE : 0x01
                                                                    D/NFC-HCI ( 1616): Llc Dal Interface Read called
                                                                    D/NFC-HCI ( 1616): S frame info read pending
