    kworker/u8:3-129   [000] ....    45.823655: mali_dev_do_dvfs: Mali Platform [D]: mali_gpu_set_clock_step(3) DVFS 	-> Device pm set state to 4
    kworker/u8:3-129   [000] ....    45.913869: mali_dev_do_dvfs: Mali Platform [D]: mali_gpu_set_clock_step(0) DVFS 	-> Device pm set state to 1
    kworker/u8:3-129   [000] ....    45.988140: mali_dev_do_dvfs: Mali Platform [D]: mali_gpu_set_clock_step(3) DVFS 	-> Device pm set state to 4
    kworker/u8:3-129   [000] ....    46.081134: mali_dev_do_dvfs: Mali Platform [D]: mali_gpu_set_clock_step(0) DVFS 	-> Device pm set state to 1
    kworker/u8:3-129   [000] ....    46.154935: mali_dev_do_dvfs: Mali Platform [D]: mali_gpu_set_clock_step(3) DVFS 	-> Device pm set state to 4
    kworker/u8:3-129   [001] ....    46.249056: mali_dev_do_dvfs: Mali Platform [D]: mali_gpu_set_clock_step(0) DVFS 	-> Device pm set state to 1
    kworker/u8:3-129   [003] ....    46.320767: mali_dev_do_dvfs: Mali Platform [D]: mali_gpu_set_clock_step(3) DVFS 	-> Device pm set state to 4
    kworker/u8:1-34    [003] ....    46.416949: mali_dev_do_dvfs: Mali Platform [D]: mali_gpu_set_clock_step(0) DVFS 	-> Device pm set state to 1
    kworker/u8:1-34    [003] ....    46.486611: mali_dev_do_dvfs: Mali Platform [D]: mali_gpu_set_clock_step(3) DVFS 	-> Device pm set state to 4
    kworker/u8:3-129   [003] ....    46.584929: mali_dev_do_dvfs: Mali Platform [D]: mali_gpu_set_clock_step(0) DVFS 	-> Device pm set state to 1
    kworker/u8:3-129   [002] ....    46.663387: mali_dev_do_dvfs: Mali Platform [D]: mali_gpu_set_clock_step(3) DVFS 	-> Device pm set state to 4
    kworker/u8:3-129   [003] ....    46.753340: mali_dev_do_dvfs: Mali Platform [D]: mali_gpu_set_clock_step(0) DVFS 	-> Device pm set state to 1
    kworker/u8:3-129   [003] ....    46.826513: mali_dev_do_dvfs: Mali Platform [D]: mali_gpu_set_clock_step(3) DVFS 	-> Device pm set state to 4
    kworker/u8:1-34    [002] ....    46.923873: mali_dev_do_dvfs: Mali Platform [D]: mali_gpu_set_clock_step(0) DVFS 	-> Device pm set state to 1
    kworker/u8:1-34    [003] ....    46.989329: mali_dev_do_dvfs: Mali Platform [D]: mali_gpu_set_clock_step(3) DVFS 	-> Device pm set state to 4
    kworker/u8:3-129   [003] ....    47.078974: mali_dev_do_dvfs: Mali Platform [D]: mali_gpu_set_clock_step(0) DVFS 	-> Device pm set state to 1
    kworker/u8:3-129   [003] ....    47.154719: mali_dev_do_dvfs: Mali Platform [D]: mali_gpu_set_clock_step(3) DVFS 	-> Device pm set state to 4
    kworker/u8:1-34    [003] ....    47.246946: mali_dev_do_dvfs: Mali Platform [D]: mali_gpu_set_clock_step(0) DVFS 	-> Device pm set state to 1
    kworker/u8:1-34    [001] ....    47.320788: mali_dev_do_dvfs: Mali Platform [D]: mali_gpu_set_clock_step(3) DVFS 	-> Device pm set state to 4
    kworker/u8:1-34    [001] ....    47.415199: mali_dev_do_dvfs: Mali Platform [D]: mali_gpu_set_clock_step(1) DVFS 	-> Device pm set state to 2
    kworker/u8:1-34    [001] ....    47.434557: mali_dev_do_dvfs: Mali Platform [D]: mali_gpu_set_clock_step(0) DVFS 	-> Device pm set state to 1
    kworker/u8:1-34    [001] ....    47.492132: mali_dev_do_dvfs: Mali Platform [D]: mali_gpu_set_clock_step(3) DVFS 	-> Device pm set state to 4
    kworker/u8:3-129   [001] ....    47.583414: mali_dev_do_dvfs: Mali Platform [D]: mali_gpu_set_clock_step(0) DVFS 	-> Device pm set state to 1
    kworker/u8:3-129   [003] ....    47.652999: mali_dev_do_dvfs: Mali Platform [D]: mali_gpu_set_clock_step(3) DVFS 	-> Device pm set state to 4
    kworker/u8:3-129   [001] ....    47.751016: mali_dev_do_dvfs: Mali Platform [D]: mali_gpu_set_clock_step(0) DVFS 	-> Device pm set state to 1
    kworker/u8:3-129   [001] ....    47.819885: mali_dev_do_dvfs: Mali Platform [D]: mali_gpu_set_clock_step(3) DVFS 	-> Device pm set state to 4
    kworker/u8:1-34    [001] ....    47.908890: mali_dev_do_dvfs: Mali Platform [D]: mali_gpu_set_clock_step(0) DVFS 	-> Device pm set state to 1
    kworker/u8:1-34    [000] ....    47.990163: mali_dev_do_dvfs: Mali Platform [D]: mali_gpu_set_clock_step(3) DVFS 	-> Device pm set state to 4
    kworker/u8:1-34    [000] ....    48.086707: mali_dev_do_dvfs: Mali Platform [D]: mali_gpu_set_clock_step(0) DVFS 	-> Device pm set state to 1
    kworker/u8:1-34    [002] ....    48.126343: mali_dev_do_dvfs: Mali Platform [D]: mali_gpu_set_clock_step(2) DVFS 	-> Device pm set state to 3
    kworker/u8:1-34    [002] ....    48.185543: mali_dev_do_dvfs: Mali Platform [D]: mali_gpu_set_clock_step(0) DVFS 	-> Device pm set state to 1
    kworker/u8:1-34    [002] ....    48.232322: mali_dev_do_dvfs: Mali Platform [D]: mali_gpu_set_clock_step(3) DVFS 	-> Device pm set state to 4
    kworker/u8:3-129   [001] ....    48.323886: mali_dev_do_dvfs: Mali Platform [D]: mali_gpu_set_clock_step(0) DVFS 	-> Device pm set state to 1
    kworker/u8:3-129   [001] ....    48.398215: mali_dev_do_dvfs: Mali Platform [D]: mali_gpu_set_clock_step(3) DVFS 	-> Device pm set state to 4
    kworker/u8:3-129   [001] ....    48.492014: mali_dev_do_dvfs: Mali Platform [D]: mali_gpu_set_clock_step(0) DVFS 	-> Device pm set state to 1
    kworker/u8:3-129   [003] ....    48.551676: mali_dev_do_dvfs: Mali Platform [D]: mali_gpu_set_clock_step(1) DVFS 	-> Device pm set state to 2
    kworker/u8:3-129   [003] ....    48.610497: mali_dev_do_dvfs: Mali Platform [D]: mali_gpu_set_clock_step(0) DVFS 	-> Device pm set state to 1
    kworker/u8:3-129   [000] ....    48.648986: mali_dev_do_dvfs: Mali Platform [D]: mali_gpu_set_clock_step(3) DVFS 	-> Device pm set state to 4
    kworker/u8:1-34    [002] ....    48.738918: mali_dev_do_dvfs: Mali Platform [D]: mali_gpu_set_clock_step(0) DVFS 	-> Device pm set state to 1
    kworker/u8:1-34    [000] ....    48.812782: mali_dev_do_dvfs: Mali Platform [D]: mali_gpu_set_clock_step(3) DVFS 	-> Device pm set state to 4
    kworker/u8:3-129   [000] ....    48.906775: mali_dev_do_dvfs: Mali Platform [D]: mali_gpu_set_clock_step(0) DVFS 	-> Device pm set state to 1
    kworker/u8:3-129   [000] ....    48.978024: mali_dev_do_dvfs: Mali Platform [D]: mali_gpu_set_clock_step(3) DVFS 	-> Device pm set state to 4
    kworker/u8:1-34    [000] ....    49.074717: mali_dev_do_dvfs: Mali Platform [D]: mali_gpu_set_clock_step(0) DVFS 	-> Device pm set state to 1
    kworker/u8:1-34    [000] ....    49.152030: mali_dev_do_dvfs: Mali Platform [D]: mali_gpu_set_clock_step(3) DVFS 	-> Device pm set state to 4
    kworker/u8:3-129   [003] ....    49.242884: mali_dev_do_dvfs: Mali Platform [D]: mali_gpu_set_clock_step(0) DVFS 	-> Device pm set state to 1
    kworker/u8:3-129   [000] ....    49.316104: mali_dev_do_dvfs: Mali Platform [D]: mali_gpu_set_clock_step(3) DVFS 	-> Device pm set state to 4
    kworker/u8:1-34    [000] ....    49.410616: mali_dev_do_dvfs: Mali Platform [D]: mali_gpu_set_clock_step(1) DVFS 	-> Device pm set state to 2
    kworker/u8:1-34    [000] ....    49.430436: mali_dev_do_dvfs: Mali Platform [D]: mali_gpu_set_clock_step(0) DVFS 	-> Device pm set state to 1
    kworker/u8:1-34    [000] ....    49.798337: mali_dev_do_dvfs: Mali Platform [D]: mali_gpu_set_clock_step(3) DVFS 	-> Device pm set state to 4
    kworker/u8:3-129   [001] ....    49.954248: mali_dev_do_dvfs: Mali Platform [D]: mali_gpu_set_clock_step(0) DVFS 	-> Device pm set state to 1
    kworker/u8:3-129   [001] ....    50.459604: mali_dev_do_dvfs: Mali Platform [D]: mali_gpu_set_clock_step(3) DVFS 	-> Device pm set state to 4
    kworker/u8:1-34    [000] ....    50.556752: mali_dev_do_dvfs: Mali Platform [D]: mali_gpu_set_clock_step(0) DVFS 	-> Device pm set state to 1
    kworker/u8:1-34    [002] ....    50.576559: mali_dev_do_dvfs: Mali Platform [D]: mali_gpu_set_clock_step(2) DVFS 	-> Device pm set state to 3
    kworker/u8:1-34    [002] ....    50.596410: mali_dev_do_dvfs: Mali Platform [D]: mali_gpu_set_clock_step(0) DVFS 	-> Device pm set state to 1
    kworker/u8:1-34    [002] ....    50.737431: mali_dev_do_dvfs: Mali Platform [D]: mali_gpu_set_clock_step(3) DVFS 	-> Device pm set state to 4
    kworker/u8:3-129   [002] ....    50.835481: mali_dev_do_dvfs: Mali Platform [D]: mali_gpu_set_clock_step(1) DVFS 	-> Device pm set state to 2
    kworker/u8:3-129   [002] ....    50.853219: mali_dev_do_dvfs: Mali Platform [D]: mali_gpu_set_clock_step(3) DVFS 	-> Device pm set state to 4
    kworker/u8:3-129   [000] ....    50.872960: mali_dev_do_dvfs: Mali Platform [D]: mali_gpu_set_clock_step(0) DVFS 	-> Device pm set state to 1
    kworker/u8:3-129   [000] ....    50.892686: mali_dev_do_dvfs: Mali Platform [D]: mali_gpu_set_clock_step(2) DVFS 	-> Device pm set state to 3
    kworker/u8:3-129   [000] ....    50.912392: mali_dev_do_dvfs: Mali Platform [D]: mali_gpu_set_clock_step(3) DVFS 	-> Device pm set state to 4
    kworker/u8:3-129   [000] ....    51.090276: mali_dev_do_dvfs: Mali Platform [D]: mali_gpu_set_clock_step(0) DVFS 	-> Device pm set state to 1
    kworker/u8:3-129   [000] ....    52.275537: mali_dev_do_dvfs: Mali Platform [D]: mali_gpu_set_clock_step(3) DVFS 	-> Device pm set state to 4
    kworker/u8:1-34    [003] ....    52.374779: mali_dev_do_dvfs: Mali Platform [D]: mali_gpu_set_clock_step(1) DVFS 	-> Device pm set state to 2
    kworker/u8:1-34    [002] ....    52.394709: mali_dev_do_dvfs: Mali Platform [D]: mali_gpu_set_clock_step(3) DVFS 	-> Device pm set state to 4
    kworker/u8:1-34    [002] ....    52.434310: mali_dev_do_dvfs: Mali Platform [D]: mali_gpu_set_clock_step(0) DVFS 	-> Device pm set state to 1
    kworker/u8:3-129   [003] ....    52.656748: mali_dev_do_dvfs: Mali Platform [D]: mali_gpu_set_clock_step(3) DVFS 	-> Device pm set state to 4
    RenderThread-1135  [001] d..1    52.677850: mali_timeline_fence_wait_activate: Mali Timeline: activation for fence wait tracker 0xab867d00
    RenderThread-1135  [001] ....    52.677870: mali_timeline_fence_wait: Mali Timeline: wait on fence 0x84a5fed4, wait 0xab867d00, timeout=4294967295ms, pid=918
    RenderThread-1135  [001] ....    52.677879: mali_timeline_fence_wait: Mali Timeline: return from fence 0x84a5fed4, wait 0xab867d00, remain=0ms, pid=918
    kworker/u8:1-34    [003] ....    53.500975: mali_dev_do_dvfs: Mali Platform [D]: mali_gpu_set_clock_step(1) DVFS 	-> Device pm set state to 2
    kworker/u8:1-34    [001] ....    53.520763: mali_dev_do_dvfs: Mali Platform [D]: mali_gpu_set_clock_step(0) DVFS 	-> Device pm set state to 1
     kworker/0:1-11    [000] ....    54.726128: mali_platform_runtime_suspend: Mali Platform [D]: mali_platform_runtime_suspend() 	-> Device pm set state to 0
     kworker/1:2-105   [001] ....    55.541998: mali_platform_runtime_resume: Mali Platform [D]: mali_platform_runtime_resume() 	-> Device pm set state to 4
    kworker/u8:1-34    [000] ....    55.635093: mali_dev_do_dvfs: Mali Platform [D]: mali_gpu_set_clock_step(0) DVFS 	-> Device pm set state to 1
     kworker/1:2-105   [001] ....    56.672783: mali_platform_runtime_suspend: Mali Platform [D]: mali_platform_runtime_suspend() 	-> Device pm set state to 0
     kworker/0:1-11    [000] ....    58.058563: mali_platform_runtime_resume: Mali Platform [D]: mali_platform_runtime_resume() 	-> Device pm set state to 4
    kworker/u8:1-34    [000] ....    58.154539: mali_dev_do_dvfs: Mali Platform [D]: mali_gpu_set_clock_step(0) DVFS 	-> Device pm set state to 1
     kworker/0:1-11    [000] ....    59.666476: mali_platform_runtime_suspend: Mali Platform [D]: mali_platform_runtime_suspend() 	-> Device pm set state to 0
     kworker/0:1-11    [000] ....    65.490786: mali_platform_runtime_resume: Mali Platform [D]: mali_platform_runtime_resume() 	-> Device pm set state to 4
    kworker/u8:1-34    [000] ....    65.584307: mali_dev_do_dvfs: Mali Platform [D]: mali_gpu_set_clock_step(0) DVFS 	-> Device pm set state to 1
     kworker/2:2-233   [002] ....    66.523113: mali_platform_runtime_suspend: Mali Platform [D]: mali_platform_runtime_suspend() 	-> Device pm set state to 0
     kworker/0:2-133   [000] ....    67.988979: mali_platform_runtime_resume: Mali Platform [D]: mali_platform_runtime_resume() 	-> Device pm set state to 4
    kworker/u8:1-34    [000] ....    68.083905: mali_dev_do_dvfs: Mali Platform [D]: mali_gpu_set_clock_step(0) DVFS 	-> Device pm set state to 1
    kworker/u8:1-34    [000] ....    69.076947: mali_dev_do_dvfs: Mali Platform [D]: mali_gpu_set_clock_step(3) DVFS 	-> Device pm set state to 4
    kworker/u8:1-34    [000] ....    69.170667: mali_dev_do_dvfs: Mali Platform [D]: mali_gpu_set_clock_step(0) DVFS 	-> Device pm set state to 1
    kworker/u8:1-34    [001] ....    69.591052: mali_dev_do_dvfs: Mali Platform [D]: mali_gpu_set_clock_step(3) DVFS 	-> Device pm set state to 4
    kworker/u8:3-129   [001] ....    69.684606: mali_dev_do_dvfs: Mali Platform [D]: mali_gpu_set_clock_step(0) DVFS 	-> Device pm set state to 1
     kworker/2:2-233   [002] ....    70.603233: mali_platform_runtime_suspend: Mali Platform [D]: mali_platform_runtime_suspend() 	-> Device pm set state to 0
     kworker/0:2-133   [000] ....    72.084505: mali_platform_runtime_resume: Mali Platform [D]: mali_platform_runtime_resume() 	-> Device pm set state to 4
    kworker/u8:3-129   [000] ....    72.174243: mali_dev_do_dvfs: Mali Platform [D]: mali_gpu_set_clock_step(0) DVFS 	-> Device pm set state to 1
              sh-1439  [003] ....    72.515144: dev_gpu_dvfs_write: Mali Platform [D]: DebugFS - Disable DVFS!
              sh-1439  [003] ....    72.515166: dev_gpu_dvfs_write: Mali Platform [D]: DebugFS - PM Setting power state to 4
     kworker/2:2-233   [002] ....    73.438848: mali_platform_runtime_suspend: Mali Platform [D]: mali_platform_runtime_suspend() 	-> Device pm set state to 0
     kworker/2:0-19    [002] ....    75.335440: mali_platform_runtime_resume: Mali Platform [D]: mali_platform_runtime_resume() 	-> Device pm set state to 4
     kworker/2:2-233   [002] ....    76.402794: mali_platform_runtime_suspend: Mali Platform [D]: mali_platform_runtime_suspend() 	-> Device pm set state to 0
     kworker/1:1-16    [001] ....    77.823022: mali_platform_runtime_resume: Mali Platform [D]: mali_platform_runtime_resume() 	-> Device pm set state to 4
     kworker/0:1-11    [000] ....    79.426015: mali_platform_runtime_suspend: Mali Platform [D]: mali_platform_runtime_suspend() 	-> Device pm set state to 0
     kworker/0:1-11    [000] ....    80.055341: mali_platform_runtime_resume: Mali Platform [D]: mali_platform_runtime_resume() 	-> Device pm set state to 4
    RenderThread-1135  [003] ....    80.462146: mali_timeline_fence_wait: Mali Timeline: wait on fence 0x84a5fed4, wait 0xb1235480, timeout=1000ms, pid=918
          <idle>-0     [002] dph3    80.468590: mali_timeline_fence_wait_activate: Mali Timeline: activation for fence wait tracker 0xb1235480
    RenderThread-1135  [003] ....    80.468716: mali_timeline_fence_wait: Mali Timeline: return from fence 0x84a5fed4, wait 0xb1235480, remain=990ms, pid=918
    RenderThread-1135  [002] ....    81.294656: mali_timeline_fence_wait: Mali Timeline: wait on fence 0x84a5fed4, wait 0xaa89c980, timeout=1000ms, pid=918
          <idle>-0     [001] dph3    81.327233: mali_timeline_fence_wait_activate: Mali Timeline: activation for fence wait tracker 0xaa89c980
    RenderThread-1135  [003] ....    81.327435: mali_timeline_fence_wait: Mali Timeline: return from fence 0x84a5fed4, wait 0xaa89c980, remain=970ms, pid=918
    RenderThread-1135  [003] ....    81.330261: mali_timeline_fence_wait: Mali Timeline: wait on fence 0x84a5fed4, wait 0xa9b54100, timeout=1000ms, pid=918
          <idle>-0     [000] dph3    81.339269: mali_timeline_fence_wait_activate: Mali Timeline: activation for fence wait tracker 0xa9b54100
    RenderThread-1135  [003] ....    81.339382: mali_timeline_fence_wait: Mali Timeline: return from fence 0x84a5fed4, wait 0xa9b54100, remain=990ms, pid=918
    RenderThread-1135  [003] ....    81.345083: mali_timeline_fence_wait: Mali Timeline: wait on fence 0x84a5fed4, wait 0xb3a94d00, timeout=1000ms, pid=918
        Binder_6-894   [002] d.h2    81.346075: mali_timeline_fence_wait_activate: Mali Timeline: activation for fence wait tracker 0xb3a94d00
    RenderThread-1135  [003] ....    81.346225: mali_timeline_fence_wait: Mali Timeline: return from fence 0x84a5fed4, wait 0xb3a94d00, remain=1000ms, pid=918
    RenderThread-1135  [003] ....    81.350493: mali_timeline_fence_wait: Mali Timeline: wait on fence 0x84a5fed4, wait 0xb3a94300, timeout=1000ms, pid=918
             fmd-235   [000] d.h2    81.350679: mali_timeline_fence_wait_activate: Mali Timeline: activation for fence wait tracker 0xb3a94300
    RenderThread-1135  [003] ....    81.350797: mali_timeline_fence_wait: Mali Timeline: return from fence 0x84a5fed4, wait 0xb3a94300, remain=1000ms, pid=918
     kworker/2:2-233   [002] ....    83.388349: mali_platform_runtime_suspend: Mali Platform [D]: mali_platform_runtime_suspend() 	-> Device pm set state to 0
     kworker/3:3-605   [003] ....    84.862538: mali_platform_runtime_resume: Mali Platform [D]: mali_platform_runtime_resume() 	-> Device pm set state to 4
     kworker/2:2-233   [002] ....    86.283069: mali_platform_runtime_suspend: Mali Platform [D]: mali_platform_runtime_suspend() 	-> Device pm set state to 0
              sh-1439  [001] ....    87.564182: dev_gpu_pm_write: Mali Platform [D]: DebugFS - PM Invalid power level requested!
     kworker/2:2-233   [002] ....    87.761237: mali_platform_runtime_resume: Mali Platform [D]: mali_platform_runtime_resume() 	-> Device pm set state to 4
     kworker/1:2-105   [001] ....    89.276862: mali_platform_runtime_suspend: Mali Platform [D]: mali_platform_runtime_suspend() 	-> Device pm set state to 0
     kworker/2:2-233   [002] ....    95.134790: mali_platform_runtime_resume: Mali Platform [D]: mali_platform_runtime_resume() 	-> Device pm set state to 4
     kworker/2:2-233   [002] ....    96.164110: mali_platform_runtime_suspend: Mali Platform [D]: mali_platform_runtime_suspend() 	-> Device pm set state to 0
     kworker/2:2-233   [002] ....    96.219792: mali_platform_runtime_resume: Mali Platform [D]: mali_platform_runtime_resume() 	-> Device pm set state to 4
    RenderThread-1135  [003] ....    96.379682: mali_timeline_fence_wait: Mali Timeline: wait on fence 0x84a5fed4, wait 0xaa89cb00, timeout=1000ms, pid=918
 AsyncOperationS-1938  [002] d.h2    96.398341: mali_timeline_fence_wait_activate: Mali Timeline: activation for fence wait tracker 0xaa89cb00
    RenderThread-1135  [003] ....    96.398719: mali_timeline_fence_wait: Mali Timeline: return from fence 0x84a5fed4, wait 0xaa89cb00, remain=980ms, pid=918
    RenderThread-1135  [003] ....    96.404020: mali_timeline_fence_wait: Mali Timeline: wait on fence 0x84a5fed4, wait 0xa9b59700, timeout=1000ms, pid=918
          logcat-225   [002] d.h2    96.409390: mali_timeline_fence_wait_activate: Mali Timeline: activation for fence wait tracker 0xa9b59700
    RenderThread-1135  [003] ....    96.409691: mali_timeline_fence_wait: Mali Timeline: return from fence 0x84a5fed4, wait 0xa9b59700, remain=1000ms, pid=918
    RenderThread-1135  [003] ....    96.418728: mali_timeline_fence_wait: Mali Timeline: wait on fence 0x84a5fed4, wait 0xa9b59480, timeout=1000ms, pid=918
          <idle>-0     [002] dpH3    96.419820: mali_timeline_fence_wait_activate: Mali Timeline: activation for fence wait tracker 0xa9b59480
    RenderThread-1135  [003] ....    96.419899: mali_timeline_fence_wait: Mali Timeline: return from fence 0x84a5fed4, wait 0xa9b59480, remain=990ms, pid=918
    RenderThread-1135  [002] ....    96.422985: mali_timeline_fence_wait: Mali Timeline: wait on fence 0x84a5fed4, wait 0xabb69d00, timeout=1000ms, pid=918
          <idle>-0     [002] d.h3    96.424535: mali_timeline_fence_wait_activate: Mali Timeline: activation for fence wait tracker 0xabb69d00
    RenderThread-1135  [002] ....    96.424726: mali_timeline_fence_wait: Mali Timeline: return from fence 0x84a5fed4, wait 0xabb69d00, remain=1000ms, pid=918
    RenderThread-1135  [002] d..1    96.427088: mali_timeline_fence_wait_activate: Mali Timeline: activation for fence wait tracker 0xabb69000
    RenderThread-1135  [002] ....    96.427102: mali_timeline_fence_wait: Mali Timeline: wait on fence 0x84a5fed4, wait 0xabb69000, timeout=1000ms, pid=918
    RenderThread-1135  [002] ....    96.427110: mali_timeline_fence_wait: Mali Timeline: return from fence 0x84a5fed4, wait 0xabb69000, remain=1000ms, pid=918
    RenderThread-1135  [001] ....    97.692382: mali_timeline_fence_wait: Mali Timeline: wait on fence 0x84a5fed4, wait 0xaccd3e00, timeout=1000ms, pid=918
          <idle>-0     [002] dph3    97.719245: mali_timeline_fence_wait_activate: Mali Timeline: activation for fence wait tracker 0xaccd3e00
    RenderThread-1135  [001] ....    97.719692: mali_timeline_fence_wait: Mali Timeline: return from fence 0x84a5fed4, wait 0xaccd3e00, remain=970ms, pid=918
    RenderThread-1135  [001] ....    97.722315: mali_timeline_fence_wait: Mali Timeline: wait on fence 0x84a5fed4, wait 0xa7a00600, timeout=1000ms, pid=918
          <idle>-0     [002] d.h3    97.729955: mali_timeline_fence_wait_activate: Mali Timeline: activation for fence wait tracker 0xa7a00600
    RenderThread-1135  [001] ....    97.730113: mali_timeline_fence_wait: Mali Timeline: return from fence 0x84a5fed4, wait 0xa7a00600, remain=990ms, pid=918
    RenderThread-1135  [000] ....    97.735295: mali_timeline_fence_wait: Mali Timeline: wait on fence 0x84a5fed4, wait 0xa99aac00, timeout=1000ms, pid=918
          <idle>-0     [000] d.h3    97.736436: mali_timeline_fence_wait_activate: Mali Timeline: activation for fence wait tracker 0xa99aac00
    RenderThread-1135  [000] ....    97.736647: mali_timeline_fence_wait: Mali Timeline: return from fence 0x84a5fed4, wait 0xa99aac00, remain=1000ms, pid=918
    RenderThread-1135  [000] ....    97.739870: mali_timeline_fence_wait: Mali Timeline: wait on fence 0x84a5fed4, wait 0xa99aa480, timeout=1000ms, pid=918
          <idle>-0     [002] dph3    97.740039: mali_timeline_fence_wait_activate: Mali Timeline: activation for fence wait tracker 0xa99aa480
    RenderThread-1135  [000] ....    97.740195: mali_timeline_fence_wait: Mali Timeline: return from fence 0x84a5fed4, wait 0xa99aa480, remain=1000ms, pid=918
     kworker/1:1-16    [001] ....   100.144919: mali_platform_runtime_suspend: Mali Platform [D]: mali_platform_runtime_suspend() 	-> Device pm set state to 0
     kworker/2:2-233   [002] ....   101.325192: mali_platform_runtime_resume: Mali Platform [D]: mali_platform_runtime_resume() 	-> Device pm set state to 4
     kworker/1:2-105   [001] ....   102.318394: mali_platform_runtime_suspend: Mali Platform [D]: mali_platform_runtime_suspend() 	-> Device pm set state to 0
     kworker/2:2-233   [002] ....   105.033473: mali_platform_runtime_resume: Mali Platform [D]: mali_platform_runtime_resume() 	-> Device pm set state to 1
    RenderThread-1135  [002] ....   105.254961: mali_timeline_fence_wait: Mali Timeline: wait on fence 0x84a5fed4, wait 0x8ac81b00, timeout=1000ms, pid=918
          logcat-225   [002] d.h2   105.282343: mali_timeline_fence_wait_activate: Mali Timeline: activation for fence wait tracker 0x8ac81b00
    RenderThread-1135  [002] ....   105.282494: mali_timeline_fence_wait: Mali Timeline: return from fence 0x84a5fed4, wait 0x8ac81b00, remain=970ms, pid=918
    RenderThread-1135  [003] ....   105.286810: mali_timeline_fence_wait: Mali Timeline: wait on fence 0x84a5fed4, wait 0xab867d80, timeout=1000ms, pid=918
          <idle>-0     [001] d.h3   105.294521: mali_timeline_fence_wait_activate: Mali Timeline: activation for fence wait tracker 0xab867d80
    RenderThread-1135  [003] ....   105.294691: mali_timeline_fence_wait: Mali Timeline: return from fence 0x84a5fed4, wait 0xab867d80, remain=990ms, pid=918
    RenderThread-1135  [003] ....   105.301373: mali_timeline_fence_wait: Mali Timeline: wait on fence 0x84a5fed4, wait 0xa99f1780, timeout=1000ms, pid=918
 AsyncOperationS-1949  [000] d.h2   105.302689: mali_timeline_fence_wait_activate: Mali Timeline: activation for fence wait tracker 0xa99f1780
    RenderThread-1135  [002] ....   105.302837: mali_timeline_fence_wait: Mali Timeline: return from fence 0x84a5fed4, wait 0xa99f1780, remain=990ms, pid=918
    RenderThread-1135  [002] ....   105.307976: mali_timeline_fence_wait: Mali Timeline: wait on fence 0x84a5fed4, wait 0xa99b2180, timeout=1000ms, pid=918
          <idle>-0     [002] d.h3   105.309926: mali_timeline_fence_wait_activate: Mali Timeline: activation for fence wait tracker 0xa99b2180
    RenderThread-1135  [002] ....   105.310278: mali_timeline_fence_wait: Mali Timeline: return from fence 0x84a5fed4, wait 0xa99b2180, remain=1000ms, pid=918
    RenderThread-1135  [001] ....   106.484515: mali_timeline_fence_wait: Mali Timeline: wait on fence 0x84a5fed4, wait 0xb3ab4d00, timeout=1000ms, pid=918
          <idle>-0     [000] dph3   106.524151: mali_timeline_fence_wait_activate: Mali Timeline: activation for fence wait tracker 0xb3ab4d00
    RenderThread-1135  [001] ....   106.524285: mali_timeline_fence_wait: Mali Timeline: return from fence 0x84a5fed4, wait 0xb3ab4d00, remain=960ms, pid=918
    RenderThread-1135  [001] ....   106.527972: mali_timeline_fence_wait: Mali Timeline: wait on fence 0x84a5fed4, wait 0xb3ab4600, timeout=1000ms, pid=918
          <idle>-0     [002] d.h3   106.535154: mali_timeline_fence_wait_activate: Mali Timeline: activation for fence wait tracker 0xb3ab4600
    RenderThread-1135  [002] ....   106.535464: mali_timeline_fence_wait: Mali Timeline: return from fence 0x84a5fed4, wait 0xb3ab4600, remain=1000ms, pid=918
    RenderThread-1135  [002] ....   106.542047: mali_timeline_fence_wait: Mali Timeline: wait on fence 0x84a5fed4, wait 0x8ac5da80, timeout=1000ms, pid=918
          <idle>-0     [002] d.h3   106.543163: mali_timeline_fence_wait_activate: Mali Timeline: activation for fence wait tracker 0x8ac5da80
    RenderThread-1135  [002] ....   106.543384: mali_timeline_fence_wait: Mali Timeline: return from fence 0x84a5fed4, wait 0x8ac5da80, remain=1000ms, pid=918
    RenderThread-1135  [002] ....   106.547726: mali_timeline_fence_wait: Mali Timeline: wait on fence 0x84a5fed4, wait 0x8ac5d800, timeout=1000ms, pid=918
          <idle>-0     [000] dph3   106.547913: mali_timeline_fence_wait_activate: Mali Timeline: activation for fence wait tracker 0x8ac5d800
    RenderThread-1135  [002] ....   106.548081: mali_timeline_fence_wait: Mali Timeline: return from fence 0x84a5fed4, wait 0x8ac5d800, remain=1000ms, pid=918
     kworker/2:2-233   [002] ....   109.006980: mali_platform_runtime_suspend: Mali Platform [D]: mali_platform_runtime_suspend() 	-> Device pm set state to 0
     kworker/1:2-105   [001] ....   110.153632: mali_platform_runtime_resume: Mali Platform [D]: mali_platform_runtime_resume() 	-> Device pm set state to 1
     kworker/2:2-233   [002] ....   111.150734: mali_platform_runtime_suspend: Mali Platform [D]: mali_platform_runtime_suspend() 	-> Device pm set state to 0
     kworker/0:1-11    [000] ....   114.942206: mali_platform_runtime_resume: Mali Platform [D]: mali_platform_runtime_resume() 	-> Device pm set state to 1
     kworker/2:2-233   [002] ....   115.982277: mali_platform_runtime_suspend: Mali Platform [D]: mali_platform_runtime_suspend() 	-> Device pm set state to 0
     kworker/1:2-105   [001] ....   117.478478: mali_platform_runtime_resume: Mali Platform [D]: mali_platform_runtime_resume() 	-> Device pm set state to 1
     kworker/2:2-233   [002] ....   118.887482: mali_platform_runtime_suspend: Mali Platform [D]: mali_platform_runtime_suspend() 	-> Device pm set state to 0
     kworker/0:1-11    [000] ....   124.837136: mali_platform_runtime_resume: Mali Platform [D]: mali_platform_runtime_resume() 	-> Device pm set state to 1
     kworker/2:2-233   [002] ....   125.842473: mali_platform_runtime_suspend: Mali Platform [D]: mali_platform_runtime_suspend() 	-> Device pm set state to 0
     kworker/0:1-11    [000] ....   127.324589: mali_platform_runtime_resume: Mali Platform [D]: mali_platform_runtime_resume() 	-> Device pm set state to 1
    RenderThread-1135  [003] ....   128.174456: mali_timeline_fence_wait: Mali Timeline: wait on fence 0x84a5fed4, wait 0xb3a94300, timeout=1000ms, pid=918
          <idle>-0     [001] dph3   128.202748: mali_timeline_fence_wait_activate: Mali Timeline: activation for fence wait tracker 0xb3a94300
    RenderThread-1135  [000] ....   128.202937: mali_timeline_fence_wait: Mali Timeline: return from fence 0x84a5fed4, wait 0xb3a94300, remain=980ms, pid=918
    RenderThread-1135  [000] ....   128.207125: mali_timeline_fence_wait: Mali Timeline: wait on fence 0x84a5fed4, wait 0xa9b54580, timeout=1000ms, pid=918
          logcat-225   [000] d.h4   128.215916: mali_timeline_fence_wait_activate: Mali Timeline: activation for fence wait tracker 0xa9b54580
    RenderThread-1135  [000] ....   128.216117: mali_timeline_fence_wait: Mali Timeline: return from fence 0x84a5fed4, wait 0xa9b54580, remain=990ms, pid=918
    RenderThread-1135  [000] ....   128.224406: mali_timeline_fence_wait: Mali Timeline: wait on fence 0x84a5fed4, wait 0xa7d6c800, timeout=1000ms, pid=918
        Binder_4-706   [002] d.h2   128.225776: mali_timeline_fence_wait_activate: Mali Timeline: activation for fence wait tracker 0xa7d6c800
    RenderThread-1135  [000] ....   128.226048: mali_timeline_fence_wait: Mali Timeline: return from fence 0x84a5fed4, wait 0xa7d6c800, remain=1000ms, pid=918
    RenderThread-1135  [000] ....   128.229074: mali_timeline_fence_wait: Mali Timeline: wait on fence 0x84a5fed4, wait 0xa8266780, timeout=1000ms, pid=918
          <idle>-0     [002] d.h3   128.230848: mali_timeline_fence_wait_activate: Mali Timeline: activation for fence wait tracker 0xa8266780
    RenderThread-1135  [002] ....   128.231070: mali_timeline_fence_wait: Mali Timeline: return from fence 0x84a5fed4, wait 0xa8266780, remain=1000ms, pid=918
    RenderThread-1135  [002] ....   128.233306: mali_timeline_fence_wait: Mali Timeline: wait on fence 0x84a5fed4, wait 0xab867780, timeout=1000ms, pid=918
          <idle>-0     [001] d.H3   128.233449: mali_timeline_fence_wait_activate: Mali Timeline: activation for fence wait tracker 0xab867780
    RenderThread-1135  [002] ....   128.233789: mali_timeline_fence_wait: Mali Timeline: return from fence 0x84a5fed4, wait 0xab867780, remain=1000ms, pid=918
    RenderThread-1135  [001] ....   129.059416: mali_timeline_fence_wait: Mali Timeline: wait on fence 0x84a5fed4, wait 0xab867c00, timeout=1000ms, pid=918
  surfaceflinger-271   [001] d.h2   129.100393: mali_timeline_fence_wait_activate: Mali Timeline: activation for fence wait tracker 0xab867c00
    RenderThread-1135  [001] ....   129.100634: mali_timeline_fence_wait: Mali Timeline: return from fence 0x84a5fed4, wait 0xab867c00, remain=960ms, pid=918
    RenderThread-1135  [001] ....   129.104266: mali_timeline_fence_wait: Mali Timeline: wait on fence 0x84a5fed4, wait 0xaa89ef80, timeout=1000ms, pid=918
        Binder_6-1660  [000] d.h3   129.114806: mali_timeline_fence_wait_activate: Mali Timeline: activation for fence wait tracker 0xaa89ef80
    RenderThread-1135  [001] ....   129.114889: mali_timeline_fence_wait: Mali Timeline: return from fence 0x84a5fed4, wait 0xaa89ef80, remain=990ms, pid=918
    RenderThread-1135  [001] ....   129.120521: mali_timeline_fence_wait: Mali Timeline: wait on fence 0x84a5fed4, wait 0xa7d6b200, timeout=1000ms, pid=918
 gle.android.gms-1080  [001] d.h2   129.121800: mali_timeline_fence_wait_activate: Mali Timeline: activation for fence wait tracker 0xa7d6b200
    RenderThread-1135  [001] ....   129.122146: mali_timeline_fence_wait: Mali Timeline: return from fence 0x84a5fed4, wait 0xa7d6b200, remain=1000ms, pid=918
     kworker/0:1-11    [000] ....   131.791087: mali_platform_runtime_suspend: Mali Platform [D]: mali_platform_runtime_suspend() 	-> Device pm set state to 0
     kworker/3:3-605   [003] ....   132.581894: mali_platform_runtime_resume: Mali Platform [D]: mali_platform_runtime_resume() 	-> Device pm set state to 1
     kworker/0:1-11    [000] ....   133.766163: mali_platform_runtime_suspend: Mali Platform [D]: mali_platform_runtime_suspend() 	-> Device pm set state to 0
     kworker/1:1-16    [001] ....   134.872134: mali_platform_runtime_resume: Mali Platform [D]: mali_platform_runtime_resume() 	-> Device pm set state to 2
     kworker/2:1-21    [002] ....   135.880440: mali_platform_runtime_suspend: Mali Platform [D]: mali_platform_runtime_suspend() 	-> Device pm set state to 0
     kworker/2:1-21    [002] ....   135.998140: mali_platform_runtime_resume: Mali Platform [D]: mali_platform_runtime_resume() 	-> Device pm set state to 2
    RenderThread-1135  [003] ....   136.126548: mali_timeline_fence_wait: Mali Timeline: wait on fence 0x84a5fed4, wait 0xb3b4a280, timeout=1000ms, pid=918
            main-191   [002] d.h3   136.151131: mali_timeline_fence_wait_activate: Mali Timeline: activation for fence wait tracker 0xb3b4a280
    RenderThread-1135  [003] ....   136.152098: mali_timeline_fence_wait: Mali Timeline: return from fence 0x84a5fed4, wait 0xb3b4a280, remain=970ms, pid=918
    RenderThread-1135  [003] ....   136.158788: mali_timeline_fence_wait: Mali Timeline: wait on fence 0x84a5fed4, wait 0xa8268b00, timeout=1000ms, pid=918
            main-191   [002] d.h2   136.163284: mali_timeline_fence_wait_activate: Mali Timeline: activation for fence wait tracker 0xa8268b00
    RenderThread-1135  [003] ....   136.163489: mali_timeline_fence_wait: Mali Timeline: return from fence 0x84a5fed4, wait 0xa8268b00, remain=1000ms, pid=918
    RenderThread-1135  [000] ....   136.171264: mali_timeline_fence_wait: Mali Timeline: wait on fence 0x84a5fed4, wait 0xb3a94200, timeout=1000ms, pid=918
            main-191   [002] d.h2   136.172009: mali_timeline_fence_wait_activate: Mali Timeline: activation for fence wait tracker 0xb3a94200
    RenderThread-1135  [000] ....   136.172467: mali_timeline_fence_wait: Mali Timeline: return from fence 0x84a5fed4, wait 0xb3a94200, remain=1000ms, pid=918
    RenderThread-1135  [000] ....   136.175896: mali_timeline_fence_wait: Mali Timeline: wait on fence 0x84a5fed4, wait 0xb3a94180, timeout=1000ms, pid=918
            main-191   [002] d.h4   136.177649: mali_timeline_fence_wait_activate: Mali Timeline: activation for fence wait tracker 0xb3a94180
    RenderThread-1135  [001] ....   136.177846: mali_timeline_fence_wait: Mali Timeline: return from fence 0x84a5fed4, wait 0xb3a94180, remain=990ms, pid=918
    RenderThread-1135  [001] ....   136.180280: mali_timeline_fence_wait: Mali Timeline: wait on fence 0x84a5fed4, wait 0xab86a980, timeout=1000ms, pid=918
            main-191   [002] d.h4   136.180468: mali_timeline_fence_wait_activate: Mali Timeline: activation for fence wait tracker 0xab86a980
    RenderThread-1135  [001] ....   136.180588: mali_timeline_fence_wait: Mali Timeline: return from fence 0x84a5fed4, wait 0xab86a980, remain=1000ms, pid=918
    RenderThread-1135  [003] ....   136.948374: mali_timeline_fence_wait: Mali Timeline: wait on fence 0x84a5fed4, wait 0xa9b54600, timeout=1000ms, pid=918
          logcat-225   [002] d.h2   136.985389: mali_timeline_fence_wait_activate: Mali Timeline: activation for fence wait tracker 0xa9b54600
    RenderThread-1135  [003] ....   136.985522: mali_timeline_fence_wait: Mali Timeline: return from fence 0x84a5fed4, wait 0xa9b54600, remain=970ms, pid=918
    RenderThread-1135  [003] ....   136.990202: mali_timeline_fence_wait: Mali Timeline: wait on fence 0x84a5fed4, wait 0x8ac40a80, timeout=1000ms, pid=918
      android.bg-590   [002] d.h2   136.998152: mali_timeline_fence_wait_activate: Mali Timeline: activation for fence wait tracker 0x8ac40a80
    RenderThread-1135  [003] ....   136.998232: mali_timeline_fence_wait: Mali Timeline: return from fence 0x84a5fed4, wait 0x8ac40a80, remain=990ms, pid=918
    RenderThread-1135  [003] ....   137.004452: mali_timeline_fence_wait: Mali Timeline: wait on fence 0x84a5fed4, wait 0xaccd3f00, timeout=1000ms, pid=918
      android.bg-590   [002] d.h2   137.005478: mali_timeline_fence_wait_activate: Mali Timeline: activation for fence wait tracker 0xaccd3f00
    RenderThread-1135  [003] ....   137.005580: mali_timeline_fence_wait: Mali Timeline: return from fence 0x84a5fed4, wait 0xaccd3f00, remain=1000ms, pid=918
    RenderThread-1135  [000] ....   137.013503: mali_timeline_fence_wait: Mali Timeline: wait on fence 0x84a5fed4, wait 0xa7a00f00, timeout=1000ms, pid=918
      rpc-daemon-518   [002] d.h2   137.013705: mali_timeline_fence_wait_activate: Mali Timeline: activation for fence wait tracker 0xa7a00f00
    RenderThread-1135  [000] ....   137.014075: mali_timeline_fence_wait: Mali Timeline: return from fence 0x84a5fed4, wait 0xa7a00f00, remain=1000ms, pid=918
     kworker/2:1-21    [002] ....   139.634993: mali_platform_runtime_suspend: Mali Platform [D]: mali_platform_runtime_suspend() 	-> Device pm set state to 0
     kworker/1:1-16    [001] ....   139.736500: mali_platform_runtime_resume: Mali Platform [D]: mali_platform_runtime_resume() 	-> Device pm set state to 2
              sh-1439  [001] ....   140.709748: dev_gpu_pm_write: Mali Platform [D]: DebugFS - PM Setting power state to 3
     kworker/2:1-21    [002] ....   140.751338: mali_platform_runtime_suspend: Mali Platform [D]: mali_platform_runtime_suspend() 	-> Device pm set state to 0
     kworker/0:1-11    [000] ....   142.058747: mali_platform_runtime_resume: Mali Platform [D]: mali_platform_runtime_resume() 	-> Device pm set state to 3
    RenderThread-1135  [002] ....   142.221885: mali_timeline_fence_wait: Mali Timeline: wait on fence 0x84a5fed4, wait 0xa7d6c380, timeout=1000ms, pid=918
          <idle>-0     [001] dph3   142.244793: mali_timeline_fence_wait_activate: Mali Timeline: activation for fence wait tracker 0xa7d6c380
    RenderThread-1135  [002] .N..   142.244959: mali_timeline_fence_wait: Mali Timeline: return from fence 0x84a5fed4, wait 0xa7d6c380, remain=970ms, pid=918
    RenderThread-1135  [002] ....   142.247612: mali_timeline_fence_wait: Mali Timeline: wait on fence 0x84a5fed4, wait 0xaa89e780, timeout=1000ms, pid=918
     mediaserver-561   [002] d.h3   142.256571: mali_timeline_fence_wait_activate: Mali Timeline: activation for fence wait tracker 0xaa89e780
    RenderThread-1135  [003] ....   142.256686: mali_timeline_fence_wait: Mali Timeline: return from fence 0x84a5fed4, wait 0xaa89e780, remain=990ms, pid=918
    RenderThread-1135  [002] ....   142.264869: mali_timeline_fence_wait: Mali Timeline: wait on fence 0x84a5fed4, wait 0xaa89e100, timeout=1000ms, pid=918
          <idle>-0     [002] d.h3   142.265455: mali_timeline_fence_wait_activate: Mali Timeline: activation for fence wait tracker 0xaa89e100
    RenderThread-1135  [002] ....   142.265620: mali_timeline_fence_wait: Mali Timeline: return from fence 0x84a5fed4, wait 0xaa89e100, remain=1000ms, pid=918
    RenderThread-1135  [002] ....   142.268631: mali_timeline_fence_wait: Mali Timeline: wait on fence 0x84a5fed4, wait 0xaa89e400, timeout=1000ms, pid=918
          <idle>-0     [002] d.h3   142.269951: mali_timeline_fence_wait_activate: Mali Timeline: activation for fence wait tracker 0xaa89e400
    RenderThread-1135  [002] ....   142.270154: mali_timeline_fence_wait: Mali Timeline: return from fence 0x84a5fed4, wait 0xaa89e400, remain=1000ms, pid=918
    RenderThread-1135  [001] ....   143.066557: mali_timeline_fence_wait: Mali Timeline: wait on fence 0x84a5fed4, wait 0xa8266580, timeout=1000ms, pid=918
          <idle>-0     [002] dph3   143.102271: mali_timeline_fence_wait_activate: Mali Timeline: activation for fence wait tracker 0xa8266580
    RenderThread-1135  [002] ....   143.102876: mali_timeline_fence_wait: Mali Timeline: return from fence 0x84a5fed4, wait 0xa8266580, remain=960ms, pid=918
    RenderThread-1135  [002] ....   143.106324: mali_timeline_fence_wait: Mali Timeline: wait on fence 0x84a5fed4, wait 0x82c09a80, timeout=1000ms, pid=918
        Binder_9-1074  [000] d.h2   143.115913: mali_timeline_fence_wait_activate: Mali Timeline: activation for fence wait tracker 0x82c09a80
    RenderThread-1135  [002] ....   143.116580: mali_timeline_fence_wait: Mali Timeline: return from fence 0x84a5fed4, wait 0x82c09a80, remain=990ms, pid=918
    RenderThread-1135  [002] ....   143.121716: mali_timeline_fence_wait: Mali Timeline: wait on fence 0x84a5fed4, wait 0x82c09f80, timeout=1000ms, pid=918
          <idle>-0     [001] d.h3   143.123092: mali_timeline_fence_wait_activate: Mali Timeline: activation for fence wait tracker 0x82c09f80
    RenderThread-1135  [002] ....   143.123322: mali_timeline_fence_wait: Mali Timeline: return from fence 0x84a5fed4, wait 0x82c09f80, remain=990ms, pid=918
    RenderThread-1135  [002] ....   143.126431: mali_timeline_fence_wait: Mali Timeline: wait on fence 0x84a5fed4, wait 0x82c09f80, timeout=1000ms, pid=918
        Binder_9-1074  [000] d.h2   143.126644: mali_timeline_fence_wait_activate: Mali Timeline: activation for fence wait tracker 0x82c09f80
    RenderThread-1135  [002] ....   143.126750: mali_timeline_fence_wait: Mali Timeline: return from fence 0x84a5fed4, wait 0x82c09f80, remain=1000ms, pid=918
    RenderThread-1135  [001] d..1   145.025927: mali_timeline_fence_wait_activate: Mali Timeline: activation for fence wait tracker 0xa9aece80
    RenderThread-1135  [001] ....   145.025945: mali_timeline_fence_wait: Mali Timeline: wait on fence 0x84a5fed4, wait 0xa9aece80, timeout=4294967295ms, pid=918
    RenderThread-1135  [001] ....   145.025953: mali_timeline_fence_wait: Mali Timeline: return from fence 0x84a5fed4, wait 0xa9aece80, remain=0ms, pid=918
    RenderThread-1135  [001] d..1   145.031915: mali_timeline_fence_wait_activate: Mali Timeline: activation for fence wait tracker 0xa8266680
    RenderThread-1135  [001] ....   145.031930: mali_timeline_fence_wait: Mali Timeline: wait on fence 0x84a5fed4, wait 0xa8266680, timeout=4294967295ms, pid=918
    RenderThread-1135  [001] ....   145.031937: mali_timeline_fence_wait: Mali Timeline: return from fence 0x84a5fed4, wait 0xa8266680, remain=0ms, pid=918
    RenderThread-1135  [001] d..1   145.051808: mali_timeline_fence_wait_activate: Mali Timeline: activation for fence wait tracker 0xa8266580
    RenderThread-1135  [001] ....   145.051824: mali_timeline_fence_wait: Mali Timeline: wait on fence 0x84a5fed4, wait 0xa8266580, timeout=4294967295ms, pid=918
    RenderThread-1135  [001] ....   145.051831: mali_timeline_fence_wait: Mali Timeline: return from fence 0x84a5fed4, wait 0xa8266580, remain=0ms, pid=918
    RenderThread-1135  [000] d..1   145.053861: mali_timeline_fence_wait_activate: Mali Timeline: activation for fence wait tracker 0xad6f3080
    RenderThread-1135  [000] ....   145.053876: mali_timeline_fence_wait: Mali Timeline: wait on fence 0x84a5fed4, wait 0xad6f3080, timeout=4294967295ms, pid=918
    RenderThread-1135  [000] ....   145.053883: mali_timeline_fence_wait: Mali Timeline: return from fence 0x84a5fed4, wait 0xad6f3080, remain=0ms, pid=918
    RenderThread-1135  [000] d..1   145.053926: mali_timeline_fence_wait_activate: Mali Timeline: activation for fence wait tracker 0xad6f3080
    RenderThread-1135  [000] ....   145.053933: mali_timeline_fence_wait: Mali Timeline: wait on fence 0x84a5fed4, wait 0xad6f3080, timeout=4294967295ms, pid=918
    RenderThread-1135  [000] ....   145.053938: mali_timeline_fence_wait: Mali Timeline: return from fence 0x84a5fed4, wait 0xad6f3080, remain=0ms, pid=918
      Thread-220-2361  [003] d..1   146.061874: mali_timeline_fence_wait_activate: Mali Timeline: activation for fence wait tracker 0x8ac81300
      Thread-220-2361  [003] ....   146.061897: mali_timeline_fence_wait: Mali Timeline: wait on fence 0x84b01ed4, wait 0x8ac81300, timeout=4294967295ms, pid=2343
      Thread-220-2361  [003] ....   146.061908: mali_timeline_fence_wait: Mali Timeline: return from fence 0x84b01ed4, wait 0x8ac81300, remain=0ms, pid=2343
      Thread-220-2361  [001] d..1   147.060168: mali_timeline_fence_wait_activate: Mali Timeline: activation for fence wait tracker 0xa8269b00
      Thread-220-2361  [001] ....   147.060185: mali_timeline_fence_wait: Mali Timeline: wait on fence 0x84b01ed4, wait 0xa8269b00, timeout=4294967295ms, pid=2343
      Thread-220-2361  [001] ....   147.060196: mali_timeline_fence_wait: Mali Timeline: return from fence 0x84b01ed4, wait 0xa8269b00, remain=0ms, pid=2343
      Thread-220-2361  [003] d..1   148.059181: mali_timeline_fence_wait_activate: Mali Timeline: activation for fence wait tracker 0x8ac81700
      Thread-220-2361  [003] ....   148.059197: mali_timeline_fence_wait: Mali Timeline: wait on fence 0x84b01ed4, wait 0x8ac81700, timeout=4294967295ms, pid=2343
      Thread-220-2361  [003] ....   148.059205: mali_timeline_fence_wait: Mali Timeline: return from fence 0x84b01ed4, wait 0x8ac81700, remain=0ms, pid=2343
      Thread-220-2361  [000] d..1   149.058286: mali_timeline_fence_wait_activate: Mali Timeline: activation for fence wait tracker 0x8ac60780
      Thread-220-2361  [000] ....   149.058304: mali_timeline_fence_wait: Mali Timeline: wait on fence 0x84b01ed4, wait 0x8ac60780, timeout=4294967295ms, pid=2343
      Thread-220-2361  [000] ....   149.058311: mali_timeline_fence_wait: Mali Timeline: return from fence 0x84b01ed4, wait 0x8ac60780, remain=0ms, pid=2343
      Thread-220-2361  [003] d..1   150.057493: mali_timeline_fence_wait_activate: Mali Timeline: activation for fence wait tracker 0xb3ab4d00
      Thread-220-2361  [003] ....   150.057506: mali_timeline_fence_wait: Mali Timeline: wait on fence 0x84b01ed4, wait 0xb3ab4d00, timeout=4294967295ms, pid=2343
      Thread-220-2361  [003] ....   150.057514: mali_timeline_fence_wait: Mali Timeline: return from fence 0x84b01ed4, wait 0xb3ab4d00, remain=0ms, pid=2343
              sh-1439  [000] ....   150.952785: dev_gpu_pm_write: Mali Platform [D]: DebugFS - PM Setting power state to 4
      Thread-220-2361  [000] d..1   151.057806: mali_timeline_fence_wait_activate: Mali Timeline: activation for fence wait tracker 0xb115fd80
      Thread-220-2361  [000] ....   151.057821: mali_timeline_fence_wait: Mali Timeline: wait on fence 0x84b01ed4, wait 0xb115fd80, timeout=4294967295ms, pid=2343
      Thread-220-2361  [000] ....   151.057829: mali_timeline_fence_wait: Mali Timeline: return from fence 0x84b01ed4, wait 0xb115fd80, remain=0ms, pid=2343
      Thread-220-2361  [001] d..1   152.047353: mali_timeline_fence_wait_activate: Mali Timeline: activation for fence wait tracker 0x8ac63b80
      Thread-220-2361  [001] ....   152.047368: mali_timeline_fence_wait: Mali Timeline: wait on fence 0x84b01ed4, wait 0x8ac63b80, timeout=4294967295ms, pid=2343
      Thread-220-2361  [001] ....   152.047375: mali_timeline_fence_wait: Mali Timeline: return from fence 0x84b01ed4, wait 0x8ac63b80, remain=0ms, pid=2343
      Thread-220-2361  [002] d..1   153.035136: mali_timeline_fence_wait_activate: Mali Timeline: activation for fence wait tracker 0x8ac63a80
      Thread-220-2361  [002] ....   153.035156: mali_timeline_fence_wait: Mali Timeline: wait on fence 0x84b01ed4, wait 0x8ac63a80, timeout=4294967295ms, pid=2343
      Thread-220-2361  [002] ....   153.035164: mali_timeline_fence_wait: Mali Timeline: return from fence 0x84b01ed4, wait 0x8ac63a80, remain=0ms, pid=2343
      Thread-220-2361  [001] d..1   154.030167: mali_timeline_fence_wait_activate: Mali Timeline: activation for fence wait tracker 0xa7d69e00
      Thread-220-2361  [001] ....   154.030183: mali_timeline_fence_wait: Mali Timeline: wait on fence 0x84b01ed4, wait 0xa7d69e00, timeout=4294967295ms, pid=2343
      Thread-220-2361  [001] ....   154.030191: mali_timeline_fence_wait: Mali Timeline: return from fence 0x84b01ed4, wait 0xa7d69e00, remain=0ms, pid=2343
      Thread-220-2361  [000] d..1   155.022527: mali_timeline_fence_wait_activate: Mali Timeline: activation for fence wait tracker 0xb115fb80
      Thread-220-2361  [000] ....   155.022541: mali_timeline_fence_wait: Mali Timeline: wait on fence 0x84b01ed4, wait 0xb115fb80, timeout=4294967295ms, pid=2343
      Thread-220-2361  [000] ....   155.022549: mali_timeline_fence_wait: Mali Timeline: return from fence 0x84b01ed4, wait 0xb115fb80, remain=0ms, pid=2343
      Thread-220-2361  [001] d..1   156.021583: mali_timeline_fence_wait_activate: Mali Timeline: activation for fence wait tracker 0x97522100
      Thread-220-2361  [001] ....   156.021610: mali_timeline_fence_wait: Mali Timeline: wait on fence 0x84b01ed4, wait 0x97522100, timeout=4294967295ms, pid=2343
      Thread-220-2361  [001] ....   156.021621: mali_timeline_fence_wait: Mali Timeline: return from fence 0x84b01ed4, wait 0x97522100, remain=0ms, pid=2343
      Thread-220-2361  [000] d..1   157.020179: mali_timeline_fence_wait_activate: Mali Timeline: activation for fence wait tracker 0x8ace2d80
      Thread-220-2361  [000] ....   157.020194: mali_timeline_fence_wait: Mali Timeline: wait on fence 0x84b01ed4, wait 0x8ace2d80, timeout=4294967295ms, pid=2343
      Thread-220-2361  [000] ....   157.020203: mali_timeline_fence_wait: Mali Timeline: return from fence 0x84b01ed4, wait 0x8ace2d80, remain=0ms, pid=2343
      Thread-220-2361  [003] d..1   158.019647: mali_timeline_fence_wait_activate: Mali Timeline: activation for fence wait tracker 0x8ac63200
      Thread-220-2361  [003] ....   158.019664: mali_timeline_fence_wait: Mali Timeline: wait on fence 0x84b01ed4, wait 0x8ac63200, timeout=4294967295ms, pid=2343
      Thread-220-2361  [003] ....   158.019671: mali_timeline_fence_wait: Mali Timeline: return from fence 0x84b01ed4, wait 0x8ac63200, remain=0ms, pid=2343
              sh-1439  [001] ....   158.078778: dev_gpu_pm_write: Mali Platform [D]: DebugFS - PM Setting power state to 1
      Thread-220-2361  [002] d..1   159.020177: mali_timeline_fence_wait_activate: Mali Timeline: activation for fence wait tracker 0xad6f3980
